[2m8:37:58 PM[22m [31m[1m[vite][22m[39m [31m[2m(client)[22m[39m [2m[console.error] [22mIn HTML, <tr> cannot be a child of <optgroup>.
This will cause a hydration error.

  <App>
    <Dashboard>
      <div className="min-h-scre...">
        <aside>
        <div className="min-w-0 lg...">
          <header>
          <main className="min-w-0 sp...">
            <div>
            <section>
            <section className="rounded-xl...">
              <div>
              <div>
              <WorkTable viewMode="initiative" rows={[...]} officerRows={[...]} expandedRowId={null} ...>
                <div className="overflow-x...">
                  <table className="w-full min...">
                    <thead>
                    <tbody className="divide-y d...">
>                     <optgroup className="contents">
>                       <tr className={"hover:bg-blue-50/40 transition "}>
                      ...
        ...

[2m8:37:58 PM[22m [31m[1m[vite][22m[39m [31m[2m(client)[22m[39m [2m[console.error] [22mIn HTML, <optgroup> cannot be a child of <tbody>.
This will cause a hydration error.

  <App>
    <Dashboard>
      <div className="min-h-scre...">
        <aside>
        <div className="min-w-0 lg...">
          <header>
          <main className="min-w-0 sp...">
            <div>
            <section>
            <section className="rounded-xl...">
              <div>
              <div>
              <WorkTable viewMode="initiative" rows={[...]} officerRows={[...]} expandedRowId={null} ...>
                <div className="overflow-x...">
                  <table className="w-full min...">
                    <thead>
>                   <tbody className="divide-y divide-slate-100 bg-white">
>                     <optgroup className="contents">
                      ...
        ...

[2m8:42:48 PM[22m [31m[1m[vite][22m[39m [31mInternal server error: Transform failed with 1 error:

[31m[PARSE_ERROR] [0mUnexpected token
      [38;5;246m╭[0m[38;5;246m─[0m[38;5;246m[[0m src/components/Dashboard.tsx:1617:87 [38;5;246m][0m
      [38;5;246m│[0m
 [38;5;246m1617 │[0m [38;5;249m [0m[38;5;249m [0m[38;5;249m [0m[38;5;249m [0m[38;5;249m [0m[38;5;249m [0m[38;5;249m [0m[38;5;249m [0m[38;5;249m [0m[38;5;249m [0m[38;5;249m [0m[38;5;249m [0m[38;5;249m [0m[38;5;249m [0m[38;5;249m<[0m[38;5;249mp[0m[38;5;249m [0m[38;5;249mc[0m[38;5;249ml[0m[38;5;249ma[0m[38;5;249ms[0m[38;5;249ms[0m[38;5;249mN[0m[38;5;249ma[0m[38;5;249mm[0m[38;5;249me[0m[38;5;249m=[0m[38;5;249m"[0m[38;5;249mm[0m[38;5;249mt[0m[38;5;249m-[0m[38;5;249m1[0m[38;5;249m [0m[38;5;249mt[0m[38;5;249me[0m[38;5;249mx[0m[38;5;249mt[0m[38;5;249m-[0m[38;5;249mx[0m[38;5;249ms[0m[38;5;249m [0m[38;5;249mf[0m[38;5;249mo[0m[38;5;249mn[0m[38;5;249mt[0m[38;5;249m-[0m[38;5;249ms[0m[38;5;249me[0m[38;5;249mm[0m[38;5;249mi[0m[38;5;249mb[0m[38;5;249mo[0m[38;5;249ml[0m[38;5;249md[0m[38;5;249m [0m[38;5;249mt[0m[38;5;249me[0m[38;5;249mx[0m[38;5;249mt[0m[38;5;249m-[0m[38;5;249ms[0m[38;5;249ml[0m[38;5;249ma[0m[38;5;249mt[0m[38;5;249me[0m[38;5;249m-[0m[38;5;249m5[0m[38;5;249m0[0m[38;5;249m0[0m[38;5;249m"[0m[38;5;249m>[0m[38;5;249m{[0m[38;5;249mi[0m[38;5;249mt[0m[38;5;249me[0m[38;5;249mm[0m[38;5;249m.[0m[38;5;249ml[0m[38;5;249mo[0m[38;5;249mc[0m[38;5;249ma[0m[38;5;249mt[0m[38;5;249mi[0m[38;5;249mo[0m[38;5;249mn[0m[38;5;249m}[0m
 [38;5;240m     │[0m                                                                                       │ 
 [38;5;240m     │[0m                                                                                       ╰─ 
[38;5;246m──────╯[0m
[39m
  Plugin: [35mvite:oxc[39m
  File: [36mD:/quan ly cong viec/app/src/components/Dashboard.tsx[39m
      at transformWithOxc (file:///D:/quan%20ly%20cong%20viec/app/node_modules/vite/dist/node/chunks/node.js:3338:19)
      at TransformPluginContext.transform (file:///D:/quan%20ly%20cong%20viec/app/node_modules/vite/dist/node/chunks/node.js:3409:26)
      at EnvironmentPluginContainer.transform (file:///D:/quan%20ly%20cong%20viec/app/node_modules/vite/dist/node/chunks/node.js:30273:51)
      at async loadAndTransform (file:///D:/quan%20ly%20cong%20viec/app/node_modules/vite/dist/node/chunks/node.js:24532:26)
[2m8:42:48 PM[22m [31m[1m[vite][22m[39m [31mInternal server error: Transform failed with 1 error:

[31m[PARSE_ERROR] [0mUnexpected token
      [38;5;246m╭[0m[38;5;246m─[0m[38;5;246m[[0m src/components/Dashboard.tsx:1617:87 [38;5;246m][0m
      [38;5;246m│[0m
 [38;5;246m1617 │[0m [38;5;249m [0m[38;5;249m [0m[38;5;249m [0m[38;5;249m [0m[38;5;249m [0m[38;5;249m [0m[38;5;249m [0m[38;5;249m [0m[38;5;249m [0m[38;5;249m [0m[38;5;249m [0m[38;5;249m [0m[38;5;249m [0m[38;5;249m [0m[38;5;249m<[0m[38;5;249mp[0m[38;5;249m [0m[38;5;249mc[0m[38;5;249ml[0m[38;5;249ma[0m[38;5;249ms[0m[38;5;249ms[0m[38;5;249mN[0m[38;5;249ma[0m[38;5;249mm[0m[38;5;249me[0m[38;5;249m=[0m[38;5;249m"[0m[38;5;249mm[0m[38;5;249mt[0m[38;5;249m-[0m[38;5;249m1[0m[38;5;249m [0m[38;5;249mt[0m[38;5;249me[0m[38;5;249mx[0m[38;5;249mt[0m[38;5;249m-[0m[38;5;249mx[0m[38;5;249ms[0m[38;5;249m [0m[38;5;249mf[0m[38;5;249mo[0m[38;5;249mn[0m[38;5;249mt[0m[38;5;249m-[0m[38;5;249ms[0m[38;5;249me[0m[38;5;249mm[0m[38;5;249mi[0m[38;5;249mb[0m[38;5;249mo[0m[38;5;249ml[0m[38;5;249md[0m[38;5;249m [0m[38;5;249mt[0m[38;5;249me[0m[38;5;249mx[0m[38;5;249mt[0m[38;5;249m-[0m[38;5;249ms[0m[38;5;249ml[0m[38;5;249ma[0m[38;5;249mt[0m[38;5;249me[0m[38;5;249m-[0m[38;5;249m5[0m[38;5;249m0[0m[38;5;249m0[0m[38;5;249m"[0m[38;5;249m>[0m[38;5;249m{[0m[38;5;249mi[0m[38;5;249mt[0m[38;5;249me[0m[38;5;249mm[0m[38;5;249m.[0m[38;5;249ml[0m[38;5;249mo[0m[38;5;249mc[0m[38;5;249ma[0m[38;5;249mt[0m[38;5;249mi[0m[38;5;249mo[0m[38;5;249mn[0m[38;5;249m}[0m
 [38;5;240m     │[0m                                                                                       │ 
 [38;5;240m     │[0m                                                                                       ╰─ 
[38;5;246m──────╯[0m
[39m
  Plugin: [35mvite:oxc[39m
  File: [36mD:/quan ly cong viec/app/src/components/Dashboard.tsx[39m
      at transformWithOxc (file:///D:/quan%20ly%20cong%20viec/app/node_modules/vite/dist/node/chunks/node.js:3338:19)
      at TransformPluginContext.transform (file:///D:/quan%20ly%20cong%20viec/app/node_modules/vite/dist/node/chunks/node.js:3409:26)
      at EnvironmentPluginContainer.transform (file:///D:/quan%20ly%20cong%20viec/app/node_modules/vite/dist/node/chunks/node.js:30273:51)
      at async loadAndTransform (file:///D:/quan%20ly%20cong%20viec/app/node_modules/vite/dist/node/chunks/node.js:24532:26)
[2m8:42:48 PM[22m [31m[1m[vite][22m[39m [31mInternal server error: Transform failed with 1 error:

[31m[PARSE_ERROR] [0mUnexpected token
      [38;5;246m╭[0m[38;5;246m─[0m[38;5;246m[[0m src/components/Dashboard.tsx:1617:87 [38;5;246m][0m
      [38;5;246m│[0m
 [38;5;246m1617 │[0m [38;5;249m [0m[38;5;249m [0m[38;5;249m [0m[38;5;249m [0m[38;5;249m [0m[38;5;249m [0m[38;5;249m [0m[38;5;249m [0m[38;5;249m [0m[38;5;249m [0m[38;5;249m [0m[38;5;249m [0m[38;5;249m [0m[38;5;249m [0m[38;5;249m<[0m[38;5;249mp[0m[38;5;249m [0m[38;5;249mc[0m[38;5;249ml[0m[38;5;249ma[0m[38;5;249ms[0m[38;5;249ms[0m[38;5;249mN[0m[38;5;249ma[0m[38;5;249mm[0m[38;5;249me[0m[38;5;249m=[0m[38;5;249m"[0m[38;5;249mm[0m[38;5;249mt[0m[38;5;249m-[0m[38;5;249m1[0m[38;5;249m [0m[38;5;249mt[0m[38;5;249me[0m[38;5;249mx[0m[38;5;249mt[0m[38;5;249m-[0m[38;5;249mx[0m[38;5;249ms[0m[38;5;249m [0m[38;5;249mf[0m[38;5;249mo[0m[38;5;249mn[0m[38;5;249mt[0m[38;5;249m-[0m[38;5;249ms[0m[38;5;249me[0m[38;5;249mm[0m[38;5;249mi[0m[38;5;249mb[0m[38;5;249mo[0m[38;5;249ml[0m[38;5;249md[0m[38;5;249m [0m[38;5;249mt[0m[38;5;249me[0m[38;5;249mx[0m[38;5;249mt[0m[38;5;249m-[0m[38;5;249ms[0m[38;5;249ml[0m[38;5;249ma[0m[38;5;249mt[0m[38;5;249me[0m[38;5;249m-[0m[38;5;249m5[0m[38;5;249m0[0m[38;5;249m0[0m[38;5;249m"[0m[38;5;249m>[0m[38;5;249m{[0m[38;5;249mi[0m[38;5;249mt[0m[38;5;249me[0m[38;5;249mm[0m[38;5;249m.[0m[38;5;249ml[0m[38;5;249mo[0m[38;5;249mc[0m[38;5;249ma[0m[38;5;249mt[0m[38;5;249mi[0m[38;5;249mo[0m[38;5;249mn[0m[38;5;249m}[0m
 [38;5;240m     │[0m                                                                                       │ 
 [38;5;240m     │[0m                                                                                       ╰─ 
[38;5;246m──────╯[0m
[39m
  Plugin: [35mvite:oxc[39m
  File: [36mD:/quan ly cong viec/app/src/components/Dashboard.tsx[39m
      at transformWithOxc (file:///D:/quan%20ly%20cong%20viec/app/node_modules/vite/dist/node/chunks/node.js:3338:19)
      at TransformPluginContext.transform (file:///D:/quan%20ly%20cong%20viec/app/node_modules/vite/dist/node/chunks/node.js:3409:26)
      at EnvironmentPluginContainer.transform (file:///D:/quan%20ly%20cong%20viec/app/node_modules/vite/dist/node/chunks/node.js:30273:51)
      at async loadAndTransform (file:///D:/quan%20ly%20cong%20viec/app/node_modules/vite/dist/node/chunks/node.js:24532:26)
[2m8:42:51 PM[22m [31m[1m[vite][22m[39m [31m[2m(client)[22m[39m [2m[console.error] [22m[vite] Failed to reload /src/components/Dashboard.tsx. This could be due to syntax errors or importing non-existent modules. (see errors above)
[2m8:42:51 PM[22m [31m[1m[vite][22m[39m [31m[2m(client)[22m[39m [2m[console.error] [22m[vite] Failed to reload /src/components/Dashboard.tsx. This could be due to syntax errors or importing non-existent modules. (see errors above)
[2m8:42:51 PM[22m [31m[1m[vite][22m[39m [31m[2m(client)[22m[39m [2m[console.error] [22m[vite] Failed to reload /src/components/Dashboard.tsx. This could be due to syntax errors or importing non-existent modules. (see errors above)
[2m8:44:38 PM[22m [31m[1m[vite][22m[39m [31m[2m(client)[22m[39m [2m[console.error] [22mIn HTML, <tr> cannot be a child of <optgroup>.
This will cause a hydration error.

  <App>
    <Dashboard>
      <div className="min-h-scre...">
        <aside>
        <div className="min-w-0 lg...">
          <header>
          <main className="min-w-0 sp...">
            <div>
            <section>
            <section className="rounded-xl...">
              <div>
              <div>
              <WorkTable viewMode="initiative" rows={[...]} officerRows={[...]} expandedRowId={null} ...>
                <div className="overflow-x...">
                  <table className="w-full min...">
                    <thead>
                    <tbody className="divide-y d...">
>                     <optgroup className="contents">
>                       <tr className={"hover:bg-blue-50/40 transition "}>
                      ...
        ...

[2m8:44:38 PM[22m [31m[1m[vite][22m[39m [31m[2m(client)[22m[39m [2m[console.error] [22mIn HTML, <optgroup> cannot be a child of <tbody>.
This will cause a hydration error.

  <App>
    <Dashboard>
      <div className="min-h-scre...">
        <aside>
        <div className="min-w-0 lg...">
          <header>
          <main className="min-w-0 sp...">
            <div>
            <section>
            <section className="rounded-xl...">
              <div>
              <div>
              <WorkTable viewMode="initiative" rows={[...]} officerRows={[...]} expandedRowId={null} ...>
                <div className="overflow-x...">
                  <table className="w-full min...">
                    <thead>
>                   <tbody className="divide-y divide-slate-100 bg-white">
>                     <optgroup className="contents">
                      ...
        ...

[2m8:51:06 PM[22m [31m[1m[vite][22m[39m [31m[2m(client)[22m[39m [2m[console.error] [22mIn HTML, <tr> cannot be a child of <optgroup>.
This will cause a hydration error.

  <App>
    <Dashboard>
      <div className="min-h-scre...">
        <aside>
        <div className="min-w-0 lg...">
          <header>
          <main className="min-w-0 sp...">
            <div>
            <section>
            <section className="rounded-xl...">
              <div>
              <div>
              <WorkTable viewMode="initiative" rows={[...]} officerRows={[...]} expandedRowId={null} ...>
                <div className="overflow-x...">
                  <table className="w-full min...">
                    <thead>
                    <tbody className="divide-y d...">
>                     <optgroup className="contents">
>                       <tr className={"hover:bg-blue-50/40 transition "}>
                      ...
        ...

[2m8:51:06 PM[22m [31m[1m[vite][22m[39m [31m[2m(client)[22m[39m [2m[console.error] [22mIn HTML, <optgroup> cannot be a child of <tbody>.
This will cause a hydration error.

  <App>
    <Dashboard>
      <div className="min-h-scre...">
        <aside>
        <div className="min-w-0 lg...">
          <header>
          <main className="min-w-0 sp...">
            <div>
            <section>
            <section className="rounded-xl...">
              <div>
              <div>
              <WorkTable viewMode="initiative" rows={[...]} officerRows={[...]} expandedRowId={null} ...>
                <div className="overflow-x...">
                  <table className="w-full min...">
                    <thead>
>                   <tbody className="divide-y divide-slate-100 bg-white">
>                     <optgroup className="contents">
                      ...
        ...

[2m9:02:59 PM[22m [31m[1m[vite][22m[39m [31m[2m(client)[22m[39m [2m[console.error] [22mIn HTML, <tr> cannot be a child of <optgroup>.
This will cause a hydration error.

  <App>
    <Dashboard>
      <div className="min-h-scre...">
        <aside>
        <div className="min-w-0 lg...">
          <header>
          <main className="min-w-0 sp...">
            <div>
            <section>
            <section className="rounded-xl...">
              <div>
              <div>
              <WorkTable viewMode="initiative" rows={[...]} officerRows={[...]} expandedRowId={null} ...>
                <div className="overflow-x...">
                  <table className="w-full min...">
                    <thead>
                    <tbody className="divide-y d...">
>                     <optgroup className="contents">
>                       <tr className={"hover:bg-blue-50/40 transition "}>
                      ...
        ...

[2m9:02:59 PM[22m [31m[1m[vite][22m[39m [31m[2m(client)[22m[39m [2m[console.error] [22mIn HTML, <optgroup> cannot be a child of <tbody>.
This will cause a hydration error.

  <App>
    <Dashboard>
      <div className="min-h-scre...">
        <aside>
        <div className="min-w-0 lg...">
          <header>
          <main className="min-w-0 sp...">
            <div>
            <section>
            <section className="rounded-xl...">
              <div>
              <div>
              <WorkTable viewMode="initiative" rows={[...]} officerRows={[...]} expandedRowId={null} ...>
                <div className="overflow-x...">
                  <table className="w-full min...">
                    <thead>
>                   <tbody className="divide-y divide-slate-100 bg-white">
>                     <optgroup className="contents">
                      ...
        ...

[2m9:07:21 PM[22m [31m[1m[vite][22m[39m [31mInternal server error: Transform failed with 1 error:

[31m[PARSE_ERROR] [0mExpected `>` but found `EOF`
     [38;5;246m╭[0m[38;5;246m─[0m[38;5;246m[[0m src/components/OfficerWorkloadChart.tsx:113:18 [38;5;246m][0m
     [38;5;246m│[0m
 [38;5;246m113 │[0m [38;5;249m [0m[38;5;249m [0m[38;5;249m [0m[38;5;249m [0m[38;5;249m [0m[38;5;249m [0m[38;5;249m [0m[38;5;249m [0m[38;5;249m [0m[38;5;249m [0m[38;5;249m [0m[38;5;249m [0m[38;5;249m<[0m[38;5;249m/[0m[38;5;249mB[0m[38;5;249ma[0m[38;5;249mr[0m
 [38;5;240m    │[0m                  │ 
 [38;5;240m    │[0m                  ╰─ `>` expected
[38;5;246m─────╯[0m
[39m
  Plugin: [35mvite:oxc[39m
  File: [36mD:/quan ly cong viec/app/src/components/OfficerWorkloadChart.tsx[39m
      at transformWithOxc (file:///D:/quan%20ly%20cong%20viec/app/node_modules/vite/dist/node/chunks/node.js:3338:19)
      at TransformPluginContext.transform (file:///D:/quan%20ly%20cong%20viec/app/node_modules/vite/dist/node/chunks/node.js:3409:26)
      at EnvironmentPluginContainer.transform (file:///D:/quan%20ly%20cong%20viec/app/node_modules/vite/dist/node/chunks/node.js:30273:51)
      at async loadAndTransform (file:///D:/quan%20ly%20cong%20viec/app/node_modules/vite/dist/node/chunks/node.js:24532:26)
[2m9:07:21 PM[22m [31m[1m[vite][22m[39m [31mInternal server error: Transform failed with 1 error:

[31m[PARSE_ERROR] [0mExpected `>` but found `EOF`
     [38;5;246m╭[0m[38;5;246m─[0m[38;5;246m[[0m src/components/OfficerWorkloadChart.tsx:113:18 [38;5;246m][0m
     [38;5;246m│[0m
 [38;5;246m113 │[0m [38;5;249m [0m[38;5;249m [0m[38;5;249m [0m[38;5;249m [0m[38;5;249m [0m[38;5;249m [0m[38;5;249m [0m[38;5;249m [0m[38;5;249m [0m[38;5;249m [0m[38;5;249m [0m[38;5;249m [0m[38;5;249m<[0m[38;5;249m/[0m[38;5;249mB[0m[38;5;249ma[0m[38;5;249mr[0m
 [38;5;240m    │[0m                  │ 
 [38;5;240m    │[0m                  ╰─ `>` expected
[38;5;246m─────╯[0m
[39m
  Plugin: [35mvite:oxc[39m
  File: [36mD:/quan ly cong viec/app/src/components/OfficerWorkloadChart.tsx[39m
      at transformWithOxc (file:///D:/quan%20ly%20cong%20viec/app/node_modules/vite/dist/node/chunks/node.js:3338:19)
      at TransformPluginContext.transform (file:///D:/quan%20ly%20cong%20viec/app/node_modules/vite/dist/node/chunks/node.js:3409:26)
      at EnvironmentPluginContainer.transform (file:///D:/quan%20ly%20cong%20viec/app/node_modules/vite/dist/node/chunks/node.js:30273:51)
      at async loadAndTransform (file:///D:/quan%20ly%20cong%20viec/app/node_modules/vite/dist/node/chunks/node.js:24532:26)
[2m9:07:21 PM[22m [31m[1m[vite][22m[39m [31mInternal server error: Transform failed with 1 error:

[31m[PARSE_ERROR] [0mExpected `>` but found `EOF`
     [38;5;246m╭[0m[38;5;246m─[0m[38;5;246m[[0m src/components/OfficerWorkloadChart.tsx:113:18 [38;5;246m][0m
     [38;5;246m│[0m
 [38;5;246m113 │[0m [38;5;249m [0m[38;5;249m [0m[38;5;249m [0m[38;5;249m [0m[38;5;249m [0m[38;5;249m [0m[38;5;249m [0m[38;5;249m [0m[38;5;249m [0m[38;5;249m [0m[38;5;249m [0m[38;5;249m [0m[38;5;249m<[0m[38;5;249m/[0m[38;5;249mB[0m[38;5;249ma[0m[38;5;249mr[0m
 [38;5;240m    │[0m                  │ 
 [38;5;240m    │[0m                  ╰─ `>` expected
[38;5;246m─────╯[0m
[39m
  Plugin: [35mvite:oxc[39m
  File: [36mD:/quan ly cong viec/app/src/components/OfficerWorkloadChart.tsx[39m
      at transformWithOxc (file:///D:/quan%20ly%20cong%20viec/app/node_modules/vite/dist/node/chunks/node.js:3338:19)
      at TransformPluginContext.transform (file:///D:/quan%20ly%20cong%20viec/app/node_modules/vite/dist/node/chunks/node.js:3409:26)
      at EnvironmentPluginContainer.transform (file:///D:/quan%20ly%20cong%20viec/app/node_modules/vite/dist/node/chunks/node.js:30273:51)
      at async loadAndTransform (file:///D:/quan%20ly%20cong%20viec/app/node_modules/vite/dist/node/chunks/node.js:24532:26)
[2m9:07:21 PM[22m [31m[1m[vite][22m[39m [31m[2m(client)[22m[39m [2m[console.error] [22m[vite] Failed to reload /src/components/OfficerWorkloadChart.tsx. This could be due to syntax errors or importing non-existent modules. (see errors above)
[2m9:07:21 PM[22m [31m[1m[vite][22m[39m [31m[2m(client)[22m[39m [2m[console.error] [22m[vite] Failed to reload /src/components/OfficerWorkloadChart.tsx. This could be due to syntax errors or importing non-existent modules. (see errors above)
[2m9:07:21 PM[22m [31m[1m[vite][22m[39m [31m[2m(client)[22m[39m [2m[console.error] [22m[vite] Failed to reload /src/components/OfficerWorkloadChart.tsx. This could be due to syntax errors or importing non-existent modules. (see errors above)
[2m9:09:56 PM[22m [31m[1m[vite][22m[39m [31m[2m(client)[22m[39m [2m[console.error] [22mReact has detected a change in the order of Hooks called by Dashboard. This will lead to bugs and errors if not fixed. For more information, read the Rules of Hooks: https://react.dev/link/rules-of-hooks

   Previous render            Next render
   ------------------------------------------------------
1. useState                   useState
2. useEffect                  useEffect
3. useCallback                useCallback
4. useCallback                useCallback
5. useCallback                useCallback
6. useCallback                useCallback
7. useCallback                useCallback
8. useCallback                useCallback
9. useCallback                useCallback
10. useCallback               useCallback
11. useCallback               useCallback
12. useCallback               useCallback
13. useCallback               useEffect
   ^^^^^^^^^^^^^^^^^^^^^^^^^^^^^^^^^^^^^^^^^^^^^^^^^^^^^^

[2m9:09:56 PM[22m [31m[1m[vite][22m[39m [31m[2m(client)[22m[39m [31m[Unhandled error] [1mError[22m: Should have a queue. You are likely calling Hooks conditionally, which is not allowed. (https://react.dev/link/invalid-hook-call)
[39m > updateReducerImpl node_modules/react-dom/cjs/react-dom-client.development.js:7973:14
 > updateReducer node_modules/react-dom/cjs/react-dom-client.development.js:7968:13
 > Object.useState node_modules/react-dom/cjs/react-dom-client.development.js:26511:17
 > exports.useState node_modules/react/cjs/react.development.js:1263:33
 > Dashboard src/components/Dashboard.tsx:636:44
    634 |  
    635 |    const [viewMode, setViewMode] = useState<'initiative' | 'officer'>('initiative');
    636 |    const [expandedRowId, setExpandedRowId] = useState<string | null>(null);
        |                                              ^
    637 |  
    638 |    const rows = useMemo(() => buildRows(tasks), [tasks]);
 > Object.react_stack_bottom_frame node_modules/react-dom/cjs/react-dom-client.development.js:25904:19
 > renderWithHooks node_modules/react-dom/cjs/react-dom-client.development.js:7662:21
 > updateFunctionComponent node_modules/react-dom/cjs/react-dom-client.development.js:10166:18
 > beginWork node_modules/react-dom/cjs/react-dom-client.development.js:11778:17
 > runWithFiberInDEV node_modules/react-dom/cjs/react-dom-client.development.js:871:29

[2m9:09:56 PM[22m [33m[1m[vite][22m[39m [33m[2m(client)[22m[39m [2m[console.warn] [22mAn error occurred in the <Dashboard> component.

Consider adding an error boundary to your tree to customize error handling behavior.
Visit https://react.dev/link/error-boundaries to learn more about error boundaries.

[2m9:09:56 PM[22m [31m[1m[vite][22m[39m [31m[2m(client)[22m[39m [2m[console.error] [22mReact has detected a change in the order of Hooks called by Dashboard. This will lead to bugs and errors if not fixed. For more information, read the Rules of Hooks: https://react.dev/link/rules-of-hooks

   Previous render            Next render
   ------------------------------------------------------
1. useState                   useState
2. useEffect                  useEffect
3. useCallback                useCallback
4. useCallback                useCallback
5. useCallback                useCallback
6. useCallback                useCallback
7. useCallback                useCallback
8. useCallback                useCallback
9. useCallback                useCallback
10. useCallback               useCallback
11. useCallback               useCallback
12. useCallback               useCallback
13. useCallback               useEffect
   ^^^^^^^^^^^^^^^^^^^^^^^^^^^^^^^^^^^^^^^^^^^^^^^^^^^^^^

[2m9:09:56 PM[22m [31m[1m[vite][22m[39m [31m[2m(client)[22m[39m [31m[Unhandled error] [1mError[22m: Should have a queue. You are likely calling Hooks conditionally, which is not allowed. (https://react.dev/link/invalid-hook-call)
[39m > updateReducerImpl node_modules/react-dom/cjs/react-dom-client.development.js:7973:14
 > updateReducer node_modules/react-dom/cjs/react-dom-client.development.js:7968:13
 > Object.useState node_modules/react-dom/cjs/react-dom-client.development.js:26511:17
 > exports.useState node_modules/react/cjs/react.development.js:1263:33
 > Dashboard src/components/Dashboard.tsx:636:44
    634 |  
    635 |    const [viewMode, setViewMode] = useState<'initiative' | 'officer'>('initiative');
    636 |    const [expandedRowId, setExpandedRowId] = useState<string | null>(null);
        |                                              ^
    637 |  
    638 |    const rows = useMemo(() => buildRows(tasks), [tasks]);
 > Object.react_stack_bottom_frame node_modules/react-dom/cjs/react-dom-client.development.js:25904:19
 > renderWithHooks node_modules/react-dom/cjs/react-dom-client.development.js:7662:21
 > updateFunctionComponent node_modules/react-dom/cjs/react-dom-client.development.js:10166:18
 > beginWork node_modules/react-dom/cjs/react-dom-client.development.js:11778:17
 > runWithFiberInDEV node_modules/react-dom/cjs/react-dom-client.development.js:871:29

[2m9:09:56 PM[22m [33m[1m[vite][22m[39m [33m[2m(client)[22m[39m [2m[console.warn] [22mAn error occurred in the <Dashboard> component.

Consider adding an error boundary to your tree to customize error handling behavior.
Visit https://react.dev/link/error-boundaries to learn more about error boundaries.

[2m9:09:56 PM[22m [31m[1m[vite][22m[39m [31m[2m(client)[22m[39m [2m[console.error] [22mReact has detected a change in the order of Hooks called by Dashboard. This will lead to bugs and errors if not fixed. For more information, read the Rules of Hooks: https://react.dev/link/rules-of-hooks

   Previous render            Next render
   ------------------------------------------------------
1. useState                   useState
2. useEffect                  useEffect
3. useCallback                useCallback
4. useCallback                useCallback
5. useCallback                useCallback
6. useCallback                useCallback
7. useCallback                useCallback
8. useCallback                useCallback
9. useCallback                useCallback
10. useCallback               useCallback
11. useCallback               useCallback
12. useCallback               useCallback
13. useCallback               useEffect
   ^^^^^^^^^^^^^^^^^^^^^^^^^^^^^^^^^^^^^^^^^^^^^^^^^^^^^^

[2m9:09:56 PM[22m [31m[1m[vite][22m[39m [31m[2m(client)[22m[39m [31m[Unhandled error] [1mError[22m: Should have a queue. You are likely calling Hooks conditionally, which is not allowed. (https://react.dev/link/invalid-hook-call)
[39m > updateReducerImpl node_modules/react-dom/cjs/react-dom-client.development.js:7973:14
 > updateReducer node_modules/react-dom/cjs/react-dom-client.development.js:7968:13
 > Object.useState node_modules/react-dom/cjs/react-dom-client.development.js:26511:17
 > exports.useState node_modules/react/cjs/react.development.js:1263:33
 > Dashboard src/components/Dashboard.tsx:636:44
    634 |  
    635 |    const [viewMode, setViewMode] = useState<'initiative' | 'officer'>('initiative');
    636 |    const [expandedRowId, setExpandedRowId] = useState<string | null>(null);
        |                                              ^
    637 |  
    638 |    const rows = useMemo(() => buildRows(tasks), [tasks]);
 > Object.react_stack_bottom_frame node_modules/react-dom/cjs/react-dom-client.development.js:25904:19
 > renderWithHooks node_modules/react-dom/cjs/react-dom-client.development.js:7662:21
 > updateFunctionComponent node_modules/react-dom/cjs/react-dom-client.development.js:10166:18
 > beginWork node_modules/react-dom/cjs/react-dom-client.development.js:11778:17
 > runWithFiberInDEV node_modules/react-dom/cjs/react-dom-client.development.js:871:29

[2m9:09:56 PM[22m [33m[1m[vite][22m[39m [33m[2m(client)[22m[39m [2m[console.warn] [22mAn error occurred in the <Dashboard> component.

Consider adding an error boundary to your tree to customize error handling behavior.
Visit https://react.dev/link/error-boundaries to learn more about error boundaries.

[2m9:09:57 PM[22m [31m[1m[vite][22m[39m [31m[2m(client)[22m[39m [2m[console.error] [22mReact has detected a change in the order of Hooks called by Dashboard. This will lead to bugs and errors if not fixed. For more information, read the Rules of Hooks: https://react.dev/link/rules-of-hooks

   Previous render            Next render
   ------------------------------------------------------
1. useState                   useState
2. useEffect                  useEffect
3. useCallback                useCallback
4. useCallback                useCallback
5. useCallback                useCallback
6. useCallback                useCallback
7. useCallback                useCallback
8. useCallback                useCallback
9. useCallback                useCallback
10. useCallback               useCallback
11. useCallback               useCallback
12. useCallback               useCallback
13. useCallback               useEffect
   ^^^^^^^^^^^^^^^^^^^^^^^^^^^^^^^^^^^^^^^^^^^^^^^^^^^^^^

[2m9:09:57 PM[22m [31m[1m[vite][22m[39m [31m[2m(client)[22m[39m [31m[Unhandled error] [1mError[22m: Should have a queue. You are likely calling Hooks conditionally, which is not allowed. (https://react.dev/link/invalid-hook-call)
[39m > updateReducerImpl node_modules/react-dom/cjs/react-dom-client.development.js:7973:14
 > updateReducer node_modules/react-dom/cjs/react-dom-client.development.js:7968:13
 > Object.useState node_modules/react-dom/cjs/react-dom-client.development.js:26511:17
 > exports.useState node_modules/react/cjs/react.development.js:1263:33
 > Dashboard src/components/Dashboard.tsx:636:44
    634 |  
    635 |    const [viewMode, setViewMode] = useState<'initiative' | 'officer'>('initiative');
    636 |    const [expandedRowId, setExpandedRowId] = useState<string | null>(null);
        |                                              ^
    637 |  
    638 |    const rows = useMemo(() => buildRows(tasks), [tasks]);
 > Object.react_stack_bottom_frame node_modules/react-dom/cjs/react-dom-client.development.js:25904:19
 > renderWithHooks node_modules/react-dom/cjs/react-dom-client.development.js:7662:21
 > updateFunctionComponent node_modules/react-dom/cjs/react-dom-client.development.js:10166:18
 > beginWork node_modules/react-dom/cjs/react-dom-client.development.js:11778:17
 > runWithFiberInDEV node_modules/react-dom/cjs/react-dom-client.development.js:871:29

[2m9:09:57 PM[22m [33m[1m[vite][22m[39m [33m[2m(client)[22m[39m [2m[console.warn] [22mAn error occurred in the <Dashboard> component.

Consider adding an error boundary to your tree to customize error handling behavior.
Visit https://react.dev/link/error-boundaries to learn more about error boundaries.

[2m9:09:57 PM[22m [31m[1m[vite][22m[39m [31m[2m(client)[22m[39m [2m[console.error] [22mReact has detected a change in the order of Hooks called by Dashboard. This will lead to bugs and errors if not fixed. For more information, read the Rules of Hooks: https://react.dev/link/rules-of-hooks

   Previous render            Next render
   ------------------------------------------------------
1. useState                   useState
2. useEffect                  useEffect
3. useCallback                useCallback
4. useCallback                useCallback
5. useCallback                useCallback
6. useCallback                useCallback
7. useCallback                useCallback
8. useCallback                useCallback
9. useCallback                useCallback
10. useCallback               useCallback
11. useCallback               useCallback
12. useCallback               useCallback
13. useCallback               useEffect
   ^^^^^^^^^^^^^^^^^^^^^^^^^^^^^^^^^^^^^^^^^^^^^^^^^^^^^^

[2m9:09:57 PM[22m [31m[1m[vite][22m[39m [31m[2m(client)[22m[39m [31m[Unhandled error] [1mError[22m: Should have a queue. You are likely calling Hooks conditionally, which is not allowed. (https://react.dev/link/invalid-hook-call)
[39m > updateReducerImpl node_modules/react-dom/cjs/react-dom-client.development.js:7973:14
 > updateReducer node_modules/react-dom/cjs/react-dom-client.development.js:7968:13
 > Object.useState node_modules/react-dom/cjs/react-dom-client.development.js:26511:17
 > exports.useState node_modules/react/cjs/react.development.js:1263:33
 > Dashboard src/components/Dashboard.tsx:636:44
    634 |  
    635 |    const [viewMode, setViewMode] = useState<'initiative' | 'officer'>('initiative');
    636 |    const [expandedRowId, setExpandedRowId] = useState<string | null>(null);
        |                                              ^
    637 |  
    638 |    const rows = useMemo(() => buildRows(tasks), [tasks]);
 > Object.react_stack_bottom_frame node_modules/react-dom/cjs/react-dom-client.development.js:25904:19
 > renderWithHooks node_modules/react-dom/cjs/react-dom-client.development.js:7662:21
 > updateFunctionComponent node_modules/react-dom/cjs/react-dom-client.development.js:10166:18
 > beginWork node_modules/react-dom/cjs/react-dom-client.development.js:11778:17
 > runWithFiberInDEV node_modules/react-dom/cjs/react-dom-client.development.js:871:29

[2m9:09:57 PM[22m [33m[1m[vite][22m[39m [33m[2m(client)[22m[39m [2m[console.warn] [22mAn error occurred in the <Dashboard> component.

Consider adding an error boundary to your tree to customize error handling behavior.
Visit https://react.dev/link/error-boundaries to learn more about error boundaries.

[2m9:12:01 PM[22m [31m[1m[vite][22m[39m [31m[2m(client)[22m[39m [2m[console.error] [22mIn HTML, <tr> cannot be a child of <optgroup>.
This will cause a hydration error.

  <App>
    <Dashboard>
      <div className="min-h-scre...">
        <aside>
        <div className="min-w-0 lg...">
          <header>
          <main className="min-w-0 sp...">
            <div>
            <section>
            <section className="rounded-xl...">
              <div>
              <div>
              <WorkTable viewMode="initiative" rows={[...]} officerRows={[...]} expandedRowId={null} ...>
                <div className="overflow-x...">
                  <table className="w-full min...">
                    <thead>
                    <tbody className="divide-y d...">
>                     <optgroup className="contents">
>                       <tr className={"hover:bg-blue-50/40 transition "}>
                      ...
        ...

[2m9:12:01 PM[22m [31m[1m[vite][22m[39m [31m[2m(client)[22m[39m [2m[console.error] [22mIn HTML, <optgroup> cannot be a child of <tbody>.
This will cause a hydration error.

  <App>
    <Dashboard>
      <div className="min-h-scre...">
        <aside>
        <div className="min-w-0 lg...">
          <header>
          <main className="min-w-0 sp...">
            <div>
            <section>
            <section className="rounded-xl...">
              <div>
              <div>
              <WorkTable viewMode="initiative" rows={[...]} officerRows={[...]} expandedRowId={null} ...>
                <div className="overflow-x...">
                  <table className="w-full min...">
                    <thead>
>                   <tbody className="divide-y divide-slate-100 bg-white">
>                     <optgroup className="contents">
                      ...
        ...

[2m9:18:19 PM[22m [31m[1m[vite][22m[39m [31m[2m(client)[22m[39m [2m[console.error] [22m[vite] Failed to reload /src/index.css. This could be due to syntax errors or importing non-existent modules. (see errors above)
[2m9:18:56 PM[22m [31m[1m[vite][22m[39m [31m[2m(client)[22m[39m [2m[console.error] [22mIn HTML, <tr> cannot be a child of <optgroup>.
This will cause a hydration error.

  <App>
    <Dashboard>
      <div className="min-h-scre...">
        <aside>
        <div className="min-w-0 lg...">
          <header>
          <main className="min-w-0 sp...">
            <div>
            <section>
            <section className="rounded-xl...">
              <div>
              <div>
              <WorkTable viewMode="initiative" rows={[...]} officerRows={[...]} expandedRowId={null} ...>
                <div className="overflow-x...">
                  <table className="w-full min...">
                    <thead>
                    <tbody className="divide-y d...">
>                     <optgroup className="contents">
>                       <tr className={"hover:bg-blue-50/40 transition "}>
                      ...
        ...

[2m9:18:56 PM[22m [31m[1m[vite][22m[39m [31m[2m(client)[22m[39m [2m[console.error] [22mIn HTML, <optgroup> cannot be a child of <tbody>.
This will cause a hydration error.

  <App>
    <Dashboard>
      <div className="min-h-scre...">
        <aside>
        <div className="min-w-0 lg...">
          <header>
          <main className="min-w-0 sp...">
            <div>
            <section>
            <section className="rounded-xl...">
              <div>
              <div>
              <WorkTable viewMode="initiative" rows={[...]} officerRows={[...]} expandedRowId={null} ...>
                <div className="overflow-x...">
                  <table className="w-full min...">
                    <thead>
>                   <tbody className="divide-y divide-slate-100 bg-white">
>                     <optgroup className="contents">
                      ...
        ...

[2m9:27:01 PM[22m [31m[1m[vite][22m[39m [31m[2m(client)[22m[39m [2m[console.error] [22mIn HTML, <tr> cannot be a child of <optgroup>.
This will cause a hydration error.

  <App>
    <Dashboard>
      <div className="min-h-scre...">
        <aside>
        <div className="min-w-0 lg...">
          <header>
          <main className="min-w-0 sp...">
            <div>
            <section>
            <section className="rounded-xl...">
              <div>
              <div>
              <WorkTable viewMode="initiative" rows={[...]} officerRows={[...]} expandedRowId={null} ...>
                <div className="overflow-x...">
                  <table className="w-full min...">
                    <thead>
                    <tbody className="divide-y d...">
>                     <optgroup className="contents">
>                       <tr className={"hover:bg-blue-50/40 transition "}>
                      ...
        ...

[2m9:27:01 PM[22m [31m[1m[vite][22m[39m [31m[2m(client)[22m[39m [2m[console.error] [22mIn HTML, <optgroup> cannot be a child of <tbody>.
This will cause a hydration error.

  <App>
    <Dashboard>
      <div className="min-h-scre...">
        <aside>
        <div className="min-w-0 lg...">
          <header>
          <main className="min-w-0 sp...">
            <div>
            <section>
            <section className="rounded-xl...">
              <div>
              <div>
              <WorkTable viewMode="initiative" rows={[...]} officerRows={[...]} expandedRowId={null} ...>
                <div className="overflow-x...">
                  <table className="w-full min...">
                    <thead>
>                   <tbody className="divide-y divide-slate-100 bg-white">
>                     <optgroup className="contents">
                      ...
        ...

